Decoding message using a(n) Rail Fence Cipher decoder!
Decoded Message is:
SPRING BREAK
