Decoding message using a(n) Vigenere Cipher decoder!
Decoded Message is:
SPRING BREAK
