Encoding message using a(n) Vigenere Cipher encoder!
Encoded Message is:
FFKRIEESZGZE LVCMI
