Decoding message using a(n) Affine Cipher decoder!
Decoded Message is:
YOUR POTENTIAL IS ENDLESS
